yarn run v1.22.17
$ react-scripts start
Starting the development server...

Compiled with warnings.

Failed to parse source map from '/Users/tsubasa/Desktop/dev/fbe-on-web-react/node_modules/html-to-image/src/applyStyleWithOptions.ts' file: Error: ENOENT: no such file or directory, open '/Users/tsubasa/Desktop/dev/fbe-on-web-react/node_modules/html-to-image/src/applyStyleWithOptions.ts'

Failed to parse source map from '/Users/tsubasa/Desktop/dev/fbe-on-web-react/node_modules/html-to-image/src/cloneNode.ts' file: Error: ENOENT: no such file or directory, open '/Users/tsubasa/Desktop/dev/fbe-on-web-react/node_modules/html-to-image/src/cloneNode.ts'

Failed to parse source map from '/Users/tsubasa/Desktop/dev/fbe-on-web-react/node_modules/html-to-image/src/clonePseudoElements.ts' file: Error: ENOENT: no such file or directory, open '/Users/tsubasa/Desktop/dev/fbe-on-web-react/node_modules/html-to-image/src/clonePseudoElements.ts'

Failed to parse source map from '/Users/tsubasa/Desktop/dev/fbe-on-web-react/node_modules/html-to-image/src/embedImages.ts' file: Error: ENOENT: no such file or directory, open '/Users/tsubasa/Desktop/dev/fbe-on-web-react/node_modules/html-to-image/src/embedImages.ts'

Failed to parse source map from '/Users/tsubasa/Desktop/dev/fbe-on-web-react/node_modules/html-to-image/src/embedResources.ts' file: Error: ENOENT: no such file or directory, open '/Users/tsubasa/Desktop/dev/fbe-on-web-react/node_modules/html-to-image/src/embedResources.ts'

Failed to parse source map from '/Users/tsubasa/Desktop/dev/fbe-on-web-react/node_modules/html-to-image/src/embedWebFonts.ts' file: Error: ENOENT: no such file or directory, open '/Users/tsubasa/Desktop/dev/fbe-on-web-react/node_modules/html-to-image/src/embedWebFonts.ts'

Failed to parse source map from '/Users/tsubasa/Desktop/dev/fbe-on-web-react/node_modules/html-to-image/src/getBlobFromURL.ts' file: Error: ENOENT: no such file or directory, open '/Users/tsubasa/Desktop/dev/fbe-on-web-react/node_modules/html-to-image/src/getBlobFromURL.ts'

Failed to parse source map from '/Users/tsubasa/Desktop/dev/fbe-on-web-react/node_modules/html-to-image/src/index.ts' file: Error: ENOENT: no such file or directory, open '/Users/tsubasa/Desktop/dev/fbe-on-web-react/node_modules/html-to-image/src/index.ts'

Failed to parse source map from '/Users/tsubasa/Desktop/dev/fbe-on-web-react/node_modules/html-to-image/src/util.ts' file: Error: ENOENT: no such file or directory, open '/Users/tsubasa/Desktop/dev/fbe-on-web-react/node_modules/html-to-image/src/util.ts'

Search for the keywords to learn more about each warning.
To ignore, add // eslint-disable-next-line to the line before.

asset static/js/bundle.js 4.14 MiB [emitted] (name: main) 1 related asset
asset index.html 1.67 KiB [emitted]
asset asset-manifest.json 190 bytes [emitted]
cached modules 3.89 MiB (javascript) 28.1 KiB (runtime) [cached] 1194 modules

WARNING in ./node_modules/html-to-image/es/applyStyleWithOptions.js
Module Warning (from ./node_modules/source-map-loader/dist/cjs.js):
Failed to parse source map from '/Users/tsubasa/Desktop/dev/fbe-on-web-react/node_modules/html-to-image/src/applyStyleWithOptions.ts' file: Error: ENOENT: no such file or directory, open '/Users/tsubasa/Desktop/dev/fbe-on-web-react/node_modules/html-to-image/src/applyStyleWithOptions.ts'
 @ ./node_modules/html-to-image/es/index.js 35:0-64 56:217-238
 @ ./src/lib/image.tsx 3:0-38 12:25-30
 @ ./src/components/App/Header.tsx 41:0-46 165:4-17
 @ ./src/App.tsx 10:0-45 53:36-42
 @ ./src/index.tsx 8:0-24 23:37-40

WARNING in ./node_modules/html-to-image/es/cloneNode.js
Module Warning (from ./node_modules/source-map-loader/dist/cjs.js):
Failed to parse source map from '/Users/tsubasa/Desktop/dev/fbe-on-web-react/node_modules/html-to-image/src/cloneNode.ts' file: Error: ENOENT: no such file or directory, open '/Users/tsubasa/Desktop/dev/fbe-on-web-react/node_modules/html-to-image/src/cloneNode.ts'
 @ ./node_modules/html-to-image/es/index.js 33:0-40 56:52-61
 @ ./src/lib/image.tsx 3:0-38 12:25-30
 @ ./src/components/App/Header.tsx 41:0-46 165:4-17
 @ ./src/App.tsx 10:0-45 53:36-42
 @ ./src/index.tsx 8:0-24 23:37-40

WARNING in ./node_modules/html-to-image/es/clonePseudoElements.js
Module Warning (from ./node_modules/source-map-loader/dist/cjs.js):
Failed to parse source map from '/Users/tsubasa/Desktop/dev/fbe-on-web-react/node_modules/html-to-image/src/clonePseudoElements.ts' file: Error: ENOENT: no such file or directory, open '/Users/tsubasa/Desktop/dev/fbe-on-web-react/node_modules/html-to-image/src/clonePseudoElements.ts'
 @ ./node_modules/html-to-image/es/cloneNode.js 34:0-60 124:90-109
 @ ./node_modules/html-to-image/es/index.js 33:0-40 56:52-61
 @ ./src/lib/image.tsx 3:0-38 12:25-30
 @ ./src/components/App/Header.tsx 41:0-46 165:4-17
 @ ./src/App.tsx 10:0-45 53:36-42
 @ ./src/index.tsx 8:0-24 23:37-40

WARNING in ./node_modules/html-to-image/es/embedImages.js
Module Warning (from ./node_modules/source-map-loader/dist/cjs.js):
Failed to parse source map from '/Users/tsubasa/Desktop/dev/fbe-on-web-react/node_modules/html-to-image/src/embedImages.ts' file: Error: ENOENT: no such file or directory, open '/Users/tsubasa/Desktop/dev/fbe-on-web-react/node_modules/html-to-image/src/embedImages.ts'
 @ ./node_modules/html-to-image/es/index.js 34:0-44 56:164-175
 @ ./src/lib/image.tsx 3:0-38 12:25-30
 @ ./src/components/App/Header.tsx 41:0-46 165:4-17
 @ ./src/App.tsx 10:0-45 53:36-42
 @ ./src/index.tsx 8:0-24 23:37-40

WARNING in ./node_modules/html-to-image/es/embedResources.js
Module Warning (from ./node_modules/source-map-loader/dist/cjs.js):
Failed to parse source map from '/Users/tsubasa/Desktop/dev/fbe-on-web-react/node_modules/html-to-image/src/embedResources.ts' file: Error: ENOENT: no such file or directory, open '/Users/tsubasa/Desktop/dev/fbe-on-web-react/node_modules/html-to-image/src/embedResources.ts'
 @ ./node_modules/html-to-image/es/embedImages.js 34:0-50 47:57-71
 @ ./node_modules/html-to-image/es/index.js 34:0-44 56:164-175
 @ ./src/lib/image.tsx 3:0-38 12:25-30
 @ ./src/components/App/Header.tsx 41:0-46 165:4-17
 @ ./src/App.tsx 10:0-45 53:36-42
 @ ./src/index.tsx 8:0-24 23:37-40

WARNING in ./node_modules/html-to-image/es/embedWebFonts.js
Module Warning (from ./node_modules/source-map-loader/dist/cjs.js):
Failed to parse source map from '/Users/tsubasa/Desktop/dev/fbe-on-web-react/node_modules/html-to-image/src/embedWebFonts.ts' file: Error: ENOENT: no such file or directory, open '/Users/tsubasa/Desktop/dev/fbe-on-web-react/node_modules/html-to-image/src/embedWebFonts.ts'
 @ ./node_modules/html-to-image/es/index.js 36:0-63 56:109-122 148:11-24
 @ ./src/lib/image.tsx 3:0-38 12:25-30
 @ ./src/components/App/Header.tsx 41:0-46 165:4-17
 @ ./src/App.tsx 10:0-45 53:36-42
 @ ./src/index.tsx 8:0-24 23:37-40

WARNING in ./node_modules/html-to-image/es/getBlobFromURL.js
Module Warning (from ./node_modules/source-map-loader/dist/cjs.js):
Failed to parse source map from '/Users/tsubasa/Desktop/dev/fbe-on-web-react/node_modules/html-to-image/src/getBlobFromURL.ts' file: Error: ENOENT: no such file or directory, open '/Users/tsubasa/Desktop/dev/fbe-on-web-react/node_modules/html-to-image/src/getBlobFromURL.ts'
 @ ./node_modules/html-to-image/es/cloneNode.js 33:0-50 51:52-66
 @ ./node_modules/html-to-image/es/index.js 33:0-40 56:52-61
 @ ./src/lib/image.tsx 3:0-38 12:25-30
 @ ./src/components/App/Header.tsx 41:0-46 165:4-17
 @ ./src/App.tsx 10:0-45 53:36-42
 @ ./src/index.tsx 8:0-24 23:37-40

WARNING in ./node_modules/html-to-image/es/index.js
Module Warning (from ./node_modules/source-map-loader/dist/cjs.js):
Failed to parse source map from '/Users/tsubasa/Desktop/dev/fbe-on-web-react/node_modules/html-to-image/src/index.ts' file: Error: ENOENT: no such file or directory, open '/Users/tsubasa/Desktop/dev/fbe-on-web-react/node_modules/html-to-image/src/index.ts'
 @ ./src/lib/image.tsx 3:0-38 12:25-30
 @ ./src/components/App/Header.tsx 41:0-46 165:4-17
 @ ./src/App.tsx 10:0-45 53:36-42
 @ ./src/index.tsx 8:0-24 23:37-40

WARNING in ./node_modules/html-to-image/es/util.js
Module Warning (from ./node_modules/source-map-loader/dist/cjs.js):
Failed to parse source map from '/Users/tsubasa/Desktop/dev/fbe-on-web-react/node_modules/html-to-image/src/util.ts' file: Error: ENOENT: no such file or directory, open '/Users/tsubasa/Desktop/dev/fbe-on-web-react/node_modules/html-to-image/src/util.ts'
 @ ./node_modules/html-to-image/es/index.js 37:0-110 41:33-45 42:35-48 56:280-293 84:37-48 87:42-55 142:40-52
 @ ./src/lib/image.tsx 3:0-38 12:25-30
 @ ./src/components/App/Header.tsx 41:0-46 165:4-17
 @ ./src/App.tsx 10:0-45 53:36-42
 @ ./src/index.tsx 8:0-24 23:37-40

9 warnings have detailed information that is not shown.
Use 'stats.errorDetails: true' resp. '--stats-error-details' to show it.

webpack 5.65.0 compiled with 9 warnings in 1217 ms
Files successfully emitted, waiting for typecheck results...
Issues checking in progress...
No issues found.
